// Jest Snapshot v1, https://goo.gl/fbAQLP

exports[`day 1 part 2 should return correct answer for the official input data 1`] = `20373490`;
