// Jest Snapshot v1, https://goo.gl/fbAQLP

exports[`testing add file negative number should throw error 1`] = `"Negatives are not allowed: -2"`;
