// Jest Snapshot v1, https://goo.gl/fbAQLP

exports[`day 2 part 1 should return the correct answer for the official input data 1`] = `483`;
